/button_test/Boot: OK
/button_test/Options: OK
/button_test/0/State None: OK
/button_test/0/Run: OK
/button_test/0/Video: OK
/button_test/1/State None: OK
/button_test/1/Run: OK
/button_test/1/Video: OK
/button_test/2/State None: OK
/button_test/2/Run: OK
/button_test/2/Video: OK
/button_test/3/State None: OK
/button_test/3/Run: OK
/button_test/3/Video: OK
/button_test/4/State None: OK
/button_test/4/Run: OK
/button_test/4/Video: OK
/button_test/5/State None: OK
/button_test/5/Run: OK
/button_test/5/Video: OK
/button_test/6/State None: OK
/button_test/6/Run: OK
/button_test/6/Video: OK
/button_test/7/State None: OK
/button_test/7/Run: OK
/button_test/7/Video: OK
/button_test/8/State None: OK
/button_test/8/Run: OK
/button_test/8/Video: OK
/button_test/9/State None: OK
/button_test/9/Run: OK
/button_test/9/Video: OK
/button_test/10/State None: OK
/button_test/10/Run: OK
/button_test/10/Video: OK
/button_test/11/State None: OK
/button_test/11/Run: OK
/button_test/11/Video: OK
/button_test/12/State None: OK
/button_test/12/Run: OK
/button_test/12/Video: OK
/button_test/13/State None: OK
/button_test/13/Run: OK
/button_test/13/Video: OK
/button_test/14/State None: OK
/button_test/14/Run: OK
/button_test/14/Video: OK
/button_test/15/State None: OK
/button_test/15/Run: OK
/button_test/15/Video: OK
/button_test/16/State None: OK
/button_test/16/Run: OK
/button_test/16/Video: OK
